// Jest Snapshot v1, https://goo.gl/fbAQLP

exports[`app matches snapshot 1`] = `
<div
  className="App"
>
  <header>
    <h1>
      This is a header
    </h1>
  </header>
  <button>
    Log Out
  </button>
  <button>
    Log In
  </button>
  <p>
    My name is 
    Jordan
  </p>
  <p>
    I am 
    30
     years old
  </p>
  <p>
    I am a 
    Software
     trainer
  </p>
  <p>
    And I live in 
    Staffordshire
  </p>
  <p>
    My name is 
    Piers
  </p>
  <p>
    I am 
    26
     years old
  </p>
  <p>
    I am a 
    DevOps
     trainer
  </p>
  <p>
    My name is 
    JB
  </p>
  <p>
    I am 
    26
     years old
  </p>
  <p>
    I am a 
    Software
     trainer
  </p>
  <footer>
    11:00:00
  </footer>
</div>
`;
