// Jest Snapshot v1, https://goo.gl/fbAQLP

exports[`app matches snapshot 1`] = `
<div
  className="App"
>
  fdjgdfghdgjdfw
  <header>
    <h1>
      This is a header
    </h1>
  </header>
  <p>
    My name is 
    Jordan
  </p>
  <p>
    I am 
    30
     years old
  </p>
  <p>
    I am a 
    Software
     trainer
  </p>
  <p>
    And I live in 
    Staffordshire
  </p>
  <p>
    My name is 
    Piers
  </p>
  <p>
    I am 
    28
     years old
  </p>
  <p>
    I am a 
    Devops
     trainer
  </p>
  <p>
    And I live in 
    Derby
  </p>
  <p>
    My name is 
    243
  </p>
  <p>
    I am 
    26
     years old
  </p>
  <p>
    I am a 
     trainer
  </p>
</div>
`;
